2026-06-12T03:14Z  B929 ░ 34 35 2E 32 33 34 3D 7A ██ 33 29 7A 29 33 3D 34 3F 3E
2026-06-13T03:14Z  AD3E ░ 23 35 2F 7A 2D 3F 28 3F ██ 7A 34 35 2E 7A 32 3F 28 3F
2026-06-14T03:14Z  184B ░ 3B 3C 2E 3F 28 7A 3E ██ 3B 28 31 7A 35 34 36 23
2026-06-15T03:14Z  147E ░ 32 35 36 3E 7A 2E 32 3F 7A ██ 3C 28 3F 2B 2F 3F 34 39 23
2026-06-16T03:14Z  91E2 ░ 32 35 36 3E 7A 2E 32 3F 7A ██ 3C 28 3F 2B 2F 3F 34 39 23
2026-06-17T03:14Z  D0F1 ░ 32 35 36 3E 7A 2E 32 3F 7A ██ 3C 28 3F 2B 2F 3F 34 39 23
2026-06-18T03:14Z  601B ░ 34 35 2E 32 33 34 3D 7A ██ 33 29 7A 29 33 3D 34 3F 3E
2026-06-19T03:14Z  0819 ░ 2E 32 3F 7A 2E 35 2D 3F ██ 28 7A 36 33 29 2E 3F 34 29
2026-06-20T03:14Z  EF2B ░ 2E 28 2F 29 2E 7A 2E ██ 32 3F 7A 34 35 33 29 3F
2026-06-21T03:14Z  72EA ░ 34 35 2E 32 33 34 3D 7A ██ 33 29 7A 29 33 3D 34 3F 3E
2026-06-22T03:14Z  B655 ░ 3F 2C 3F 28 23 2E 32 33 ██ 34 3D 7A 3E 3F 39 3B 23 29
2026-06-23T22:06Z  C1C2 ░ 3B 3C 2E 3F 28 7A 3E ██ 3B 28 31 7A 35 34 36 23
2026-06-23T22:33Z  ∎∎∎∎ ∷ 5B 52 56 41 52 17 43 5F 52 17 51 45 52 46 42 52 59 54 4E
2026-06-24T06:56Z  1F6A ░ 23 35 2F 7A 2D 3F 28 3F ██ 7A 34 35 2E 7A 32 3F 28 3F
2026-06-25T06:56Z  DAD3 ░ 32 35 36 3E 7A 2E 32 3F 7A ██ 3C 28 3F 2B 2F 3F 34 39 23
2026-06-26T07:03Z  0FE4 ░ 2D 3F 7A 2D 3B 2E 39 32 7A ██ 2E 32 3F 7A 39 32 3B 33 34
2026-06-27T06:36Z  45B1 ░ 3F 2C 3F 28 23 2E 32 33 ██ 34 3D 7A 3E 3F 39 3B 23 29
2026-06-28T07:10Z  1850 ░ 34 35 2E 32 33 34 3D 7A ██ 33 29 7A 29 33 3D 34 3F 3E
2026-06-29T08:25Z  D563 ░ 3F 2C 3F 28 23 2E 32 33 ██ 34 3D 7A 3E 3F 39 3B 23 29
2026-06-30T07:03Z  39F4 ░ 34 35 2E 32 33 34 3D 7A ██ 33 29 7A 29 33 3D 34 3F 3E
2026-07-01T07:20Z  DFF6 ░ 2D 3F 7A 2D 3B 2E 39 32 7A ██ 2E 32 3F 7A 39 32 3B 33 34
2026-07-02T06:50Z  2B22 ░ 2D 3F 7A 2D 3B 2E 39 32 7A ██ 2E 32 3F 7A 39 32 3B 33 34
2026-07-03T06:42Z  75BD ░ 2E 32 3F 23 7A 3B 28 3F 7A 34 ██ 35 2E 7A 36 35 35 31 33 34 3D
2026-07-04T06:29Z  FDD5 ░ 2D 3F 7A 2D 3B 2E 39 32 7A ██ 2E 32 3F 7A 39 32 3B 33 34
2026-07-05T06:50Z  29D6 ░ 39 35 2F 34 2E 7A 2E 32 ██ 3F 7A 29 33 36 3F 34 39 3F
2026-07-06T07:55Z  1D2B ░ 23 35 2F 7A 2D 3F 28 3F ██ 7A 34 35 2E 7A 32 3F 28 3F
2026-07-07T06:56Z  F7C4 ░ 3F 2C 3F 28 23 2E 32 33 ██ 34 3D 7A 3E 3F 39 3B 23 29
2026-07-08T06:07Z  4AF3 ░ 39 35 2F 34 2E 7A 2E 32 ██ 3F 7A 29 33 36 3F 34 39 3F
2026-07-09T06:59Z  E3CA ░ 34 35 2E 32 33 34 3D 7A ██ 33 29 7A 29 33 3D 34 3F 3E
2026-07-10T06:55Z  C6BE ░ 36 3F 3B 2C 3F 7A 38 3F ██ 3C 35 28 3F 7A 3E 3B 2D 34
2026-07-11T05:49Z  E6AA ░ 34 35 7A 34 3B 37 ██ 3F 29 7A 32 3F 28 3F
2026-07-12T06:12Z  DA50 ░ 34 35 7A 34 3B 37 ██ 3F 29 7A 32 3F 28 3F
2026-07-13T06:30Z  A9E1 ░ 29 2E 3B 23 7A ██ 2B 2F 33 3F 2E
2026-07-14T05:40Z  FC1D ░ 34 35 7A 34 3B 37 ██ 3F 29 7A 32 3F 28 3F
2026-07-15T05:41Z  2B40 ░ 3B 3C 2E 3F 28 7A 3E ██ 3B 28 31 7A 35 34 36 23
2026-07-16T05:49Z  251E ░ 2D 3F 7A 2D 3B 2E 39 32 7A ██ 2E 32 3F 7A 39 32 3B 33 34
2026-07-17T05:50Z  BA83 ░ 23 35 2F 7A 2D 3F 28 3F ██ 7A 34 35 2E 7A 32 3F 28 3F
2026-07-18T05:36Z  8CA9 ░ 2D 3F 7A 2D 3B 2E 39 32 7A ██ 2E 32 3F 7A 39 32 3B 33 34
2026-07-19T06:07Z  72F3 ░ 29 2E 3B 23 7A ██ 2B 2F 33 3F 2E
2026-07-19T06:07Z  ∎∎∎∎ ∷ 5B 52 56 41 52 17 43 5F 52 17 51 45 52 46 42 52 59 54 4E
2026-07-20T06:26Z  98D5 ░ 3F 2C 3F 28 23 2E 32 33 ██ 34 3D 7A 3E 3F 39 3B 23 29
2026-07-21T06:06Z  D6D0 ░ 2E 32 3F 7A 29 33 3D 34 3B ██ 36 7A 33 29 7A 39 36 3F 3B 34
2026-07-22T06:04Z  AAC1 ░ 3F 2C 3F 28 23 2E 32 33 ██ 34 3D 7A 3E 3F 39 3B 23 29
2026-07-23T06:09Z  AFB0 ░ 29 2E 3B 23 7A ██ 2B 2F 33 3F 2E
2026-07-24T06:04Z  8743 ░ 2D 3F 7A 2D 3B 2E 39 32 7A ██ 2E 32 3F 7A 39 32 3B 33 34
2026-07-25T05:54Z  A481 ░ 39 35 2F 34 2E 7A 2E 32 ██ 3F 7A 29 33 36 3F 34 39 3F
2026-07-26T06:14Z  4225 ░ 34 35 7A 34 3B 37 ██ 3F 29 7A 32 3F 28 3F
2026-07-27T06:43Z  5765 ░ 36 3F 3B 2C 3F 7A 38 3F ██ 3C 35 28 3F 7A 3E 3B 2D 34
2026-07-28T06:03Z  E4C3 ░ 34 35 2E 32 33 34 3D 7A ██ 33 29 7A 29 33 3D 34 3F 3E
2026-07-29T06:07Z  9C5A ░ 3F 2C 3F 28 23 2E 32 33 ██ 34 3D 7A 3E 3F 39 3B 23 29
2026-07-30T05:58Z  AA9B ░ 2E 28 2F 29 2E 7A 2E ██ 32 3F 7A 34 35 33 29 3F
2026-07-31T06:23Z  190E ░ 29 2E 3B 23 7A ██ 2B 2F 33 3F 2E
2026-08-01T06:08Z  DE15 ░ 34 35 2E 32 33 34 3D 7A ██ 33 29 7A 29 33 3D 34 3F 3E
2026-08-02T06:11Z  F809 ░ 2E 32 3F 7A 2E 35 2D 3F ██ 28 7A 36 33 29 2E 3F 34 29
2026-08-03T06:34Z  5B53 ░ 36 3F 3B 2C 3F 7A 38 3F ██ 3C 35 28 3F 7A 3E 3B 2D 34
2026-08-04T06:04Z  B466 ░ 38 2F 28 34 7A 2E 32 ██ 3F 7A 36 3F 3E 3D 3F 28
2026-08-05T06:01Z  0D6C ░ 2E 32 3F 23 7A 3B 28 3F 7A 34 ██ 35 2E 7A 36 35 35 31 33 34 3D
2026-08-06T06:04Z  9DBB ░ 29 2E 3B 23 7A ██ 2B 2F 33 3F 2E
2026-08-07T05:02Z  C652 ░ 34 35 7A 34 3B 37 ██ 3F 29 7A 32 3F 28 3F
2026-08-08T04:28Z  9710 ░ 34 35 7A 34 3B 37 ██ 3F 29 7A 32 3F 28 3F
2026-08-09T04:36Z  4358 ░ 36 3F 3B 2C 3F 7A 38 3F ██ 3C 35 28 3F 7A 3E 3B 2D 34
2026-08-10T04:53Z  5AB6 ░ 2E 32 3F 23 7A 3B 28 3F 7A 34 ██ 35 2E 7A 36 35 35 31 33 34 3D
2026-08-11T04:39Z  BF83 ░ 2E 32 3F 23 7A 3B 28 3F 7A 34 ██ 35 2E 7A 36 35 35 31 33 34 3D
2026-08-12T05:02Z  1771 ░ 32 35 36 3E 7A 2E 32 3F 7A ██ 3C 28 3F 2B 2F 3F 34 39 23
2026-08-13T05:04Z  4FC3 ░ 3F 2C 3F 28 23 2E 32 33 ██ 34 3D 7A 3E 3F 39 3B 23 29
2026-08-13T05:04Z  ∎∎∎∎ ∷ 40 5F 58 17 5E 44 17 43 45 56 59 44 5A 5E 43 43 5E 59 50
2026-08-14T05:02Z  0208 ░ 38 2F 28 34 7A 2E 32 ██ 3F 7A 36 3F 3E 3D 3F 28
2026-08-15T03:54Z  FEA7 ░ 36 3F 3B 2C 3F 7A 38 3F ██ 3C 35 28 3F 7A 3E 3B 2D 34
2026-08-15T03:54Z  ∎∎∎∎ ∷ 40 5F 58 17 5E 44 17 43 45 56 59 44 5A 5E 43 43 5E 59 50
2026-08-16T03:59Z  CF41 ░ 36 3F 3B 2C 3F 7A 38 3F ██ 3C 35 28 3F 7A 3E 3B 2D 34
2026-08-17T04:02Z  BDE7 ░ 2E 32 3F 7A 2E 35 2D 3F ██ 28 7A 36 33 29 2E 3F 34 29
2026-08-18T03:57Z  83CC ░ 2E 28 2F 29 2E 7A 2E ██ 32 3F 7A 34 35 33 29 3F
2026-08-19T03:58Z  FEC7 ░ 2E 32 3F 7A 29 33 3D 34 3B ██ 36 7A 33 29 7A 39 36 3F 3B 34
2026-08-20T03:58Z  F1E2 ░ 36 3F 3B 2C 3F 7A 38 3F ██ 3C 35 28 3F 7A 3E 3B 2D 34
2026-08-20T03:58Z  ∎∎∎∎ ∷ 43 5F 5E 44 17 55 56 59 53 17 5E 44 17 58 42 45 44
2026-08-21T04:00Z  4D33 ░ 32 35 36 3E 7A 2E 32 3F 7A ██ 3C 28 3F 2B 2F 3F 34 39 23
2026-08-22T03:56Z  6DD7 ░ 2E 28 2F 29 2E 7A 2E ██ 32 3F 7A 34 35 33 29 3F
2026-08-23T04:00Z  A901 ░ 34 35 7A 34 3B 37 ██ 3F 29 7A 32 3F 28 3F
2026-08-24T04:05Z  A80D ░ 2E 32 3F 23 7A 3B 28 3F 7A 34 ██ 35 2E 7A 36 35 35 31 33 34 3D
2026-08-25T03:59Z  58A6 ░ 2E 32 3F 23 7A 3B 28 3F 7A 34 ██ 35 2E 7A 36 35 35 31 33 34 3D
2026-08-26T04:02Z  4A01 ░ 32 35 36 3E 7A 2E 32 3F 7A ██ 3C 28 3F 2B 2F 3F 34 39 23
2026-08-26T04:02Z  ∎∎∎∎ ∷ 40 52 17 5F 52 56 45 17 4E 58 42 17 43 58 58
2026-08-27T14:12Z  5ED8 ░ 34 35 7A 34 3B 37 ██ 3F 29 7A 32 3F 28 3F
2026-08-28T15:23Z  AC15 ░ 2E 28 2F 29 2E 7A 2E ██ 32 3F 7A 34 35 33 29 3F
2026-08-28T15:23Z  ∎∎∎∎ ∷ 40 5F 58 17 5E 44 17 43 45 56 59 44 5A 5E 43 43 5E 59 50
2026-08-29T10:05Z  40E0 ░ 2E 32 3F 7A 2E 35 2D 3F ██ 28 7A 36 33 29 2E 3F 34 29
2026-08-30T09:14Z  10B9 ░ 2E 32 3F 23 7A 3B 28 3F 7A 34 ██ 35 2E 7A 36 35 35 31 33 34 3D
2026-08-31T09:45Z  9D91 ░ 29 2E 3B 23 7A ██ 2B 2F 33 3F 2E
